Command: vcs -full64 -sverilog -debug_access+all -kdb rtl/ufe8_pkg.sv rtl/regs.sv \
tb/tb_regs.sv -o sim/simv_regs -l sim/compile_regs.log
                         Chronologic VCS (TM)
       Version X-2025.06-SP2_Full64 -- Fri May 22 09:45:51 2026

                    Copyright (c) 1991 - 2025 Synopsys, Inc.
   This software and the associated documentation are proprietary to Synopsys,
 Inc. This software may only be used in accordance with the terms and conditions
 of a written license agreement with Synopsys, Inc. All other use, reproduction,
   or distribution of this software is strictly prohibited.  Licensed Products
     communicate with Synopsys servers for the purpose of providing software
    updates, detecting software piracy and verifying that customers are using
    Licensed Products in conformity with the applicable License Key for such
  Licensed Products. Synopsys will use information gathered in connection with
    this process to deliver software updates and pursue software pirates and
                                   infringers.

 Inclusivity & Diversity - Visit SolvNetPlus to read the "Synopsys Statement on
            Inclusivity and Diversity" (Refer to article 000036315 at
                        https://solvnetplus.synopsys.com)

Parsing design file 'rtl/ufe8_pkg.sv'
Parsing design file 'rtl/regs.sv'
Parsing design file 'tb/tb_regs.sv'
Top Level Modules:
       tb_regs
TimeScale is 1 ns / 1 ps
Starting vcs inline pass...
2 modules and 0 UDP read.
recompiling package ufe8_pkg
recompiling module tb_regs
Both modules done.
rm -f _cuarc*.so _csrc*.so pre_vcsobj_*.so share_vcsobj_*.so
if [ -x ../sim/simv_regs ]; then chmod a-x ../sim/simv_regs; fi
g++  -o ../sim/simv_regs      -rdynamic  -Wl,-rpath='$ORIGIN'/simv_regs.daidir -Wl,-rpath=./simv_regs.daidir \
-Wl,-rpath=/opt/synopsys/vcs/X-2025.06-SP2/linux64/lib -L/opt/synopsys/vcs/X-2025.06-SP2/linux64/lib \
-Wl,-rpath-link=./  /usr/lib64/libnuma.so.1   objs/amcQw_d.o   _12783_archive_1.so \
_prev_archive_1.so   SIM_l.o      rmapats_mop.o rmapats.o rmar.o rmar_nd.o  rmar_llvm_0_1.o \
rmar_llvm_0_0.o            -lvirsim -lerrorinf -lsnpsmalloc -lvfs      -lvcsnew -ldistsimclient \
-lsimprofile -luclinative /opt/synopsys/vcs/X-2025.06-SP2/linux64/lib/vcs_tls.o  \
-Wl,-whole-archive  -lvcsucli    -Wl,-no-whole-archive        _vcs_pli_stub_.o   \
/opt/synopsys/vcs/X-2025.06-SP2/linux64/lib/vcs_save_restore_new.o /opt/synopsys/verdi/X-2025.06-SP2/share/PLI/VCS/LINUX64/pli.a \
-ldl  -lc -lm -lpthread -ldl 
../sim/simv_regs up to date
CPU time: .350 seconds to compile + .208 seconds to elab + .176 seconds to link
Verdi KDB elaboration done and the database successfully generated
